<Project Sdk="Microsoft.NET.Sdk">

  <PropertyGroup>
    <TargetFramework>netcoreapp1.1</TargetFramework>
    <AssemblyName>VersionedLibrary</AssemblyName>
    <Version>9.9.9.9</Version>
    <AssemblyVersion>9.9.9.9</AssemblyVersion>
    <VersionPrefix>9.9.9.9</VersionPrefix>
    <AssemblyInfoVersion>1.2.3.4</AssemblyInfoVersion>
    <Description>A description</Description>
  </PropertyGroup>

</Project>
